Desired=Unknown/Install/Remove/Purge/Hold
| Status=Not/Inst/Conf-files/Unpacked/halF-conf/Half-inst/trig-aWait/Trig-pend
|/ Err?=(none)/Reinst-required (Status,Err: uppercase=bad)
||/ Name                            Version                   Architecture Description
+++-===============================-=========================-============-========================================================================
ii  acpi-support-base               0.140-5                   all          scripts for handling base ACPI events such as the power button
ii  acpid                           1:2.0.16-1+deb7u1         amd64        Advanced Configuration and Power Interface event daemon
ii  adduser                         3.113+nmu3                all          add and remove users and groups
ii  apt                             0.9.7.9                   amd64        commandline package manager
ii  apt-utils                       0.9.7.9                   amd64        package managment related utility programs
ii  aptitude                        0.6.8.2-1                 amd64        terminal-based package manager
ii  aptitude-common                 0.6.8.2-1                 all          architecture indepedent files for the aptitude package manager
ii  base-files                      7.1wheezy1                amd64        Debian base system miscellaneous files
ii  base-passwd                     3.5.26                    amd64        Debian base system master password and group files
ii  bash                            4.2+dfsg-0.1              amd64        GNU Bourne Again SHell
ii  bsdmainutils                    9.0.3                     amd64        collection of more utilities from FreeBSD
ii  bsdutils                        1:2.20.1-5.3              amd64        Basic utilities from 4.4BSD-Lite
ii  ca-certificates                 20130119                  all          Common CA certificates
ii  coreutils                       8.13-3.5                  amd64        GNU core utilities
ii  cpio                            2.11+dfsg-0.1             amd64        GNU cpio -- a program to manage archives of files
ii  cron                            3.0pl1-124                amd64        process scheduling daemon
ii  curl                            7.26.0-1+wheezy2          amd64        command line tool for transferring data with URL syntax
ii  dash                            0.5.7-3                   amd64        POSIX-compliant shell
ii  debconf                         1.5.49                    all          Debian configuration management system
ii  debconf-i18n                    1.5.49                    all          full internationalization support for debconf
ii  debian-archive-keyring          2012.4                    all          GnuPG archive keys of the Debian archive
ii  debianutils                     4.3.2                     amd64        Miscellaneous utilities specific to Debian
ii  diffutils                       1:3.2-6                   amd64
ii  dmidecode                       2.11-9                    amd64        SMBIOS/DMI table decoder
ii  dmsetup                         2:1.02.74-7               amd64        Linux Kernel Device Mapper userspace library
ii  dpkg                            1.16.10                   amd64        Debian package management system
ii  e2fslibs:amd64                  1.42.5-1.1                amd64        ext2/ext3/ext4 file system libraries
ii  e2fsprogs                       1.42.5-1.1                amd64        ext2/ext3/ext4 file system utilities
ii  file                            5.11-2                    amd64        Determines file type using "magic" numbers
ii  findutils                       4.4.2-4                   amd64        utilities for finding files--find, xargs
ii  gcc-4.7-base:amd64              4.7.2-5                   amd64        GCC, the GNU Compiler Collection (base package)
ii  gnupg                           1.4.12-7                  amd64        GNU privacy guard - a free PGP replacement
ii  google-compute-daemon           1.0.3-1                   all          Google Compute Engine Management Daemon
ii  google-startup-scripts          1.0-1                     all          Google Compute Engine Startup Scripts
ii  gpgv                            1.4.12-7                  amd64        GNU privacy guard - signature verification tool
ii  grep                            2.12-2                    amd64        GNU grep, egrep and fgrep
ii  groff-base                      1.21-9                    amd64        GNU troff text-formatting system (base system components)
ii  gzip                            1.5-1.1                   amd64        GNU compression utilities
ii  hostname                        3.11                      amd64        utility to set/show the host name or domain name
ii  ifupdown                        0.7.8                     amd64        high level tools to configure network interfaces
ii  image-bundle                    1.0.3-1                   all          Google Compute Engine Image Bundler
ii  info                            4.13a.dfsg.1-10           amd64        Standalone GNU Info documentation browser
ii  initscripts                     2.88dsf-41                amd64        scripts for initializing and shutting down the system
ii  insserv                         1.14.0-5                  amd64        boot sequence organizer using LSB init.d script dependency information
ii  install-info                    4.13a.dfsg.1-10           amd64        Manage installed documentation in info format
ii  iproute                         20120521-3+b3             amd64        networking and traffic control tools
ii  iptables                        1.4.14-3.1                amd64        administration tools for packet filtering and NAT
ii  iputils-ping                    3:20101006-1+b1           amd64        Tools to test the reachability of network hosts
ii  isc-dhcp-client                 4.2.2.dfsg.1-5+deb70u6    amd64        ISC DHCP client
ii  isc-dhcp-common                 4.2.2.dfsg.1-5+deb70u6    amd64        common files used by all the isc-dhcp* packages
ii  kmod                            9-3                       amd64        tools for managing Linux kernel modules
ii  kpartx                          0.4.9+git0.4dfdaf2b-6     amd64        create device mappings for partitions
ii  libacl1:amd64                   2.2.51-8                  amd64        Access control list shared library
ii  libapt-inst1.5:amd64            0.9.7.9                   amd64        deb package format runtime library
ii  libapt-pkg4.12:amd64            0.9.7.9                   amd64        package managment runtime library
ii  libattr1:amd64                  1:2.4.46-8                amd64        Extended attribute shared library
ii  libblkid1:amd64                 2.20.1-5.3                amd64        block device id library
ii  libboost-iostreams1.49.0        1.49.0-3.2                amd64        Boost.Iostreams Library
ii  libbsd0:amd64                   0.4.2-1                   amd64        utility functions from BSD systems - shared library
ii  libbz2-1.0:amd64                1.0.6-4                   amd64        high-quality block-sorting file compressor library - runtime
ii  libc-bin                        2.13-38                   amd64        Embedded GNU C Library: Binaries
ii  libc6:amd64                     2.13-38                   amd64        Embedded GNU C Library: Shared libraries
ii  libcap2:amd64                   1:2.22-1.2                amd64        support for getting/setting POSIX.1e capabilities
ii  libcomerr2:amd64                1.42.5-1.1                amd64        common error description library
ii  libcurl3:amd64                  7.26.0-1+wheezy2          amd64        easy-to-use client-side URL transfer library (OpenSSL flavour)
ii  libcwidget3                     0.5.16-3.4                amd64        high-level terminal interface library for C++ (runtime files)
ii  libdb5.1:amd64                  5.1.29-5                  amd64        Berkeley v5.1 Database Libraries [runtime]
ii  libdevmapper1.02.1:amd64        2:1.02.74-7               amd64        Linux Kernel Device Mapper userspace library
ii  libedit2:amd64                  2.11-20080614-5           amd64        BSD editline and history libraries
ii  libept1.4.12                    1.0.9                     amd64        High-level library for managing Debian package information
ii  libexpat1:amd64                 2.1.0-1                   amd64        XML parsing C library - runtime library
ii  libgcc1:amd64                   1:4.7.2-5                 amd64        GCC support library
ii  libgcrypt11:amd64               1.5.0-5                   amd64        LGPL Crypto library - runtime library
ii  libgdbm3:amd64                  1.8.3-11                  amd64        GNU dbm database routines (runtime version)
ii  libgnutls26:amd64               2.12.20-7                 amd64        GNU TLS library - runtime library
ii  libgpg-error0:amd64             1.10-3.1                  amd64        library for common error values and messages in GnuPG components
ii  libgssapi-krb5-2:amd64          1.10.1+dfsg-5+deb7u1      amd64        MIT Kerberos runtime libraries - krb5 GSS-API Mechanism
ii  libidn11:amd64                  1.25-2                    amd64        GNU Libidn library, implementation of IETF IDN specifications
ii  libk5crypto3:amd64              1.10.1+dfsg-5+deb7u1      amd64        MIT Kerberos runtime libraries - Crypto Library
ii  libkeyutils1:amd64              1.5.5-3                   amd64        Linux Key Management Utilities (library)
ii  libkmod2:amd64                  9-3                       amd64        libkmod shared library
ii  libkrb5-3:amd64                 1.10.1+dfsg-5+deb7u1      amd64        MIT Kerberos runtime libraries
ii  libkrb5support0:amd64           1.10.1+dfsg-5+deb7u1      amd64        MIT Kerberos runtime libraries - Support library
ii  libldap-2.4-2:amd64             2.4.31-1+nmu2             amd64        OpenLDAP libraries
ii  liblocale-gettext-perl          1.05-7+b1                 amd64        module using libc functions for internationalization in Perl
ii  liblzma5:amd64                  5.1.1alpha+20120614-2     amd64        XZ-format compression library
ii  libmagic1:amd64                 5.11-2                    amd64        File type determination library using "magic" numbers
ii  libmount1                       2.20.1-5.3                amd64        block device id library
ii  libncurses5:amd64               5.9-10                    amd64        shared libraries for terminal handling
ii  libncursesw5:amd64              5.9-10                    amd64        shared libraries for terminal handling (wide character support)
ii  libnewt0.52                     0.52.14-11.1              amd64        Not Erik's Windowing Toolkit - text mode windowing with slang
ii  libnfnetlink0                   1.0.0-1.1                 amd64        Netfilter netlink library
ii  libopts25                       1:5.12-0.1                amd64        automated option processing library based on autogen
ii  libp11-kit0:amd64               0.12-3                    amd64        Library for loading and coordinating access to PKCS#11 modules - runtime
ii  libpam-modules:amd64            1.1.3-7.1                 amd64        Pluggable Authentication Modules for PAM
ii  libpam-modules-bin              1.1.3-7.1                 amd64        Pluggable Authentication Modules for PAM - helper binaries
ii  libpam-runtime                  1.1.3-7.1                 all          Runtime support for the PAM library
ii  libpam0g:amd64                  1.1.3-7.1                 amd64        Pluggable Authentication Modules library
ii  libparted0debian1:amd64         2.3-12                    amd64        disk partition manipulator - shared library
ii  libpipeline1:amd64              1.2.1-1                   amd64        pipeline manipulation library
ii  libpopt0:amd64                  1.16-7                    amd64        lib for parsing cmdline parameters
ii  libprocps0:amd64                1:3.3.3-3                 amd64        library for accessing process information from /proc
ii  libreadline6:amd64              6.2+dfsg-0.1              amd64        GNU readline and history libraries, run-time libraries
ii  librtmp0:amd64                  2.4+20111222.git4e06e21-1 amd64        toolkit for RTMP streams (shared library)
ii  libsasl2-2:amd64                2.1.25.dfsg1-6+deb7u1     amd64        Cyrus SASL - authentication abstraction library
ii  libsasl2-modules:amd64          2.1.25.dfsg1-6+deb7u1     amd64        Cyrus SASL - pluggable authentication modules
ii  libselinux1:amd64               2.1.9-5                   amd64        SELinux runtime shared libraries
ii  libsemanage-common              2.1.6-6                   all          Common files for SELinux policy management libraries
ii  libsemanage1:amd64              2.1.6-6                   amd64        SELinux policy management library
ii  libsepol1:amd64                 2.1.4-3                   amd64        SELinux library for manipulating binary security policies
ii  libsigc++-2.0-0c2a:amd64        2.2.10-0.2                amd64        type-safe Signal Framework for C++ - runtime
ii  libslang2:amd64                 2.2.4-15                  amd64        S-Lang programming library - runtime version
ii  libsqlite3-0:amd64              3.7.13-1+deb7u1           amd64        SQLite 3 shared library
ii  libss2:amd64                    1.42.5-1.1                amd64        command-line interface parsing library
ii  libssh2-1:amd64                 1.4.2-1.1                 amd64        SSH2 client-side library
ii  libssl1.0.0:amd64               1.0.1e-2                  amd64        SSL shared libraries
ii  libstdc++6:amd64                4.7.2-5                   amd64        GNU Standard C++ Library v3
ii  libtasn1-3:amd64                2.13-2                    amd64        Manage ASN.1 structures (runtime)
ii  libtext-charwidth-perl          0.04-7+b1                 amd64        get display widths of characters on the terminal
ii  libtext-iconv-perl              1.7-5                     amd64        converts between character sets in Perl
ii  libtext-wrapi18n-perl           0.06-7                    all          internationalized substitute of Text::Wrap
ii  libtinfo5:amd64                 5.9-10                    amd64        shared low-level terminfo library for terminal handling
ii  libudev0:amd64                  175-7.2                   amd64        libudev shared library
ii  libusb-0.1-4:amd64              2:0.1.12-20+nmu1          amd64        userspace USB programming library
ii  libustr-1.0-1:amd64             1.0.4-3                   amd64        Micro string library: shared library
ii  libuuid1:amd64                  2.20.1-5.3                amd64        Universally Unique ID library
ii  libwrap0:amd64                  7.6.q-24                  amd64        Wietse Venema's TCP wrappers library
ii  libxapian22                     1.2.12-2                  amd64        Search engine library
ii  locales                         2.13-38                   all          Embedded GNU C Library: National Language (locale) data [support]
ii  login                           1:4.1.5.1-1               amd64        system login tools
ii  logrotate                       3.8.1-4                   amd64        Log rotation utility
ii  lsb-base                        4.1+Debian8+deb7u1        all          Linux Standard Base 4.1 init script functionality
ii  lsb-release                     4.1+Debian8+deb7u1        all          Linux Standard Base version reporting utility
ii  man-db                          2.6.2-1                   amd64        on-line manual pager
ii  manpages                        3.44-1                    all          Manual pages about using a GNU/Linux system
ii  mawk                            1.3.3-17                  amd64        a pattern scanning and text processing language
ii  mime-support                    3.52-1                    all          MIME files 'mime.types' & 'mailcap', and support programs
ii  module-init-tools               9-3                       all          transitional dummy package (module-init-tools to kmod)
ii  mount                           2.20.1-5.3                amd64        Tools for mounting and manipulating filesystems
ii  multiarch-support               2.13-38                   amd64        Transitional package to ensure multiarch compatibility
ii  nano                            2.2.6-1+b1                amd64        small, friendly text editor inspired by Pico
ii  ncurses-base                    5.9-10                    all          basic terminal type definitions
ii  ncurses-bin                     5.9-10                    amd64        terminal-related programs and man pages
ii  net-tools                       1.60-24.2                 amd64        The NET-3 networking toolkit
ii  netbase                         5.0                       all          Basic TCP/IP networking system
ii  netcat-traditional              1.10-40                   amd64        TCP/IP swiss army knife
ii  ntp                             1:4.2.6.p5+dfsg-2         amd64        Network Time Protocol daemon and utility programs
ii  openssh-client                  1:6.0p1-4                 amd64        secure shell (SSH) client, for secure access to remote machines
ii  openssh-server                  1:6.0p1-4                 amd64        secure shell (SSH) server, for secure access from remote machines
ii  openssl                         1.0.1e-2                  amd64        Secure Socket Layer (SSL) binary and related cryptographic tools
ii  parted                          2.3-12                    amd64        disk partition manipulator
ii  passwd                          1:4.1.5.1-1               amd64        change and administer password and group data
ii  perl-base                       5.14.2-21                 amd64        minimal Perl system
ii  procps                          1:3.3.3-3                 amd64        /proc file system utilities
ii  python                          2.7.3-4                   all          interactive high-level object-oriented language (default version)
ii  python-minimal                  2.7.3-4                   all          minimal subset of the Python language (default version)
ii  python2.7                       2.7.3-6                   amd64        Interactive high-level object-oriented language (version 2.7)
ii  python2.7-minimal               2.7.3-6                   amd64        Minimal subset of the Python language (version 2.7)
ii  readline-common                 6.2+dfsg-0.1              all          GNU readline and history libraries, common files
ii  rsync                           3.0.9-4                   amd64        fast, versatile, remote (and local) file-copying tool
ii  rsyslog                         5.8.11-3                  amd64        reliable system and kernel logging daemon
ii  sed                             4.2.1-10                  amd64        The GNU sed stream editor
ii  sensible-utils                  0.0.7                     all          Utilities for sensible alternative selection
ii  sudo                            1.8.5p2-1+nmu1            amd64        Provide limited super user privileges to specific users
ii  sysv-rc                         2.88dsf-41                all          System-V-like runlevel change mechanism
ii  sysvinit                        2.88dsf-41                amd64        System-V-like init utilities
ii  sysvinit-utils                  2.88dsf-41                amd64        System-V-like utilities
ii  tar                             1.26+dfsg-0.1             amd64        GNU version of the tar archiving utility
ii  tasksel                         3.14.1                    all          Tool for selecting tasks for installation on Debian systems
ii  tasksel-data                    3.14.1                    all          Official tasks used for installation of Debian systems
ii  traceroute                      1:2.0.18-3                amd64        Traces the route taken by packets over an IPv4/IPv6 network
ii  tzdata                          2013c-0wheezy1            all          time zone and daylight-saving time data
ii  udev                            175-7.2                   amd64        /dev/ and hotplug management daemon
ii  util-linux                      2.20.1-5.3                amd64        Miscellaneous system utilities
ii  uuid-runtime                    2.20.1-5.3                amd64        runtime components for the Universally Unique ID library
ii  vim-common                      2:7.3.547-7               amd64        Vi IMproved - Common files
ii  vim-tiny                        2:7.3.547-7               amd64        Vi IMproved - enhanced vi editor - compact version
ii  wget                            1.13.4-3                  amd64        retrieves files from the web
ii  whiptail                        0.52.14-11.1              amd64        Displays user-friendly dialog boxes from shell scripts
ii  xz-utils                        5.1.1alpha+20120614-2     amd64        XZ-format compression utilities
ii  zlib1g:amd64                    1:1.2.7.dfsg-13           amd64        compression library - runtime
